// Jest Snapshot v1, https://goo.gl/fbAQLP

exports[`Timer Test 1`] = `<Timer />`;
